Archive member included to satisfy reference by file (symbol)

c:/program files (x86)/gnu arm embedded toolchain/10 2021.10/bin/../lib/gcc/arm-none-eabi/10.3.1/thumb/v7e-m/nofp\libgcc.a(_aeabi_uldivmod.o)
                              ./system/src/stm32f4-hal/stm32f4xx_hal_rcc.o (__aeabi_uldivmod)
c:/program files (x86)/gnu arm embedded toolchain/10 2021.10/bin/../lib/gcc/arm-none-eabi/10.3.1/thumb/v7e-m/nofp\libgcc.a(_udivmoddi4.o)
                              c:/program files (x86)/gnu arm embedded toolchain/10 2021.10/bin/../lib/gcc/arm-none-eabi/10.3.1/thumb/v7e-m/nofp\libgcc.a(_aeabi_uldivmod.o) (__udivmoddi4)
c:/program files (x86)/gnu arm embedded toolchain/10 2021.10/bin/../lib/gcc/arm-none-eabi/10.3.1/thumb/v7e-m/nofp\libgcc.a(_dvmd_tls.o)
                              c:/program files (x86)/gnu arm embedded toolchain/10 2021.10/bin/../lib/gcc/arm-none-eabi/10.3.1/thumb/v7e-m/nofp\libgcc.a(_aeabi_uldivmod.o) (__aeabi_ldiv0)
c:/program files (x86)/gnu arm embedded toolchain/10 2021.10/bin/../lib/gcc/arm-none-eabi/10.3.1/../../../../arm-none-eabi/lib/thumb/v7e-m/nofp\libg_nano.a(lib_a-errno.o)
                              ./system/src/newlib/sbrk.o (__errno)
c:/program files (x86)/gnu arm embedded toolchain/10 2021.10/bin/../lib/gcc/arm-none-eabi/10.3.1/../../../../arm-none-eabi/lib/thumb/v7e-m/nofp\libg_nano.a(lib_a-impure.o)
                              c:/program files (x86)/gnu arm embedded toolchain/10 2021.10/bin/../lib/gcc/arm-none-eabi/10.3.1/../../../../arm-none-eabi/lib/thumb/v7e-m/nofp\libg_nano.a(lib_a-errno.o) (_impure_ptr)
c:/program files (x86)/gnu arm embedded toolchain/10 2021.10/bin/../lib/gcc/arm-none-eabi/10.3.1/../../../../arm-none-eabi/lib/thumb/v7e-m/nofp\libg_nano.a(lib_a-reent.o)
                              ./system/src/newlib/syscalls.o (errno)
c:/program files (x86)/gnu arm embedded toolchain/10 2021.10/bin/../lib/gcc/arm-none-eabi/10.3.1/../../../../arm-none-eabi/lib/thumb/v7e-m/nofp\libg_nano.a(lib_a-strlen.o)
                              ./system/src/diag/trace.o (strlen)
c:/program files (x86)/gnu arm embedded toolchain/10 2021.10/bin/../lib/gcc/arm-none-eabi/10.3.1/../../../../arm-none-eabi/lib/thumb/v7e-m/nofp\libg_nano.a(lib_a-vsnprintf.o)
                              ./system/src/diag/trace.o (vsnprintf)
c:/program files (x86)/gnu arm embedded toolchain/10 2021.10/bin/../lib/gcc/arm-none-eabi/10.3.1/../../../../arm-none-eabi/lib/thumb/v7e-m/nofp\libg_nano.a(lib_a-nano-freer.o)
                              c:/program files (x86)/gnu arm embedded toolchain/10 2021.10/bin/../lib/gcc/arm-none-eabi/10.3.1/../../../../arm-none-eabi/lib/thumb/v7e-m/nofp\libg_nano.a(lib_a-reent.o) (_free_r)
c:/program files (x86)/gnu arm embedded toolchain/10 2021.10/bin/../lib/gcc/arm-none-eabi/10.3.1/../../../../arm-none-eabi/lib/thumb/v7e-m/nofp\libg_nano.a(lib_a-nano-mallocr.o)
                              c:/program files (x86)/gnu arm embedded toolchain/10 2021.10/bin/../lib/gcc/arm-none-eabi/10.3.1/../../../../arm-none-eabi/lib/thumb/v7e-m/nofp\libg_nano.a(lib_a-nano-freer.o) (__malloc_free_list)
c:/program files (x86)/gnu arm embedded toolchain/10 2021.10/bin/../lib/gcc/arm-none-eabi/10.3.1/../../../../arm-none-eabi/lib/thumb/v7e-m/nofp\libg_nano.a(lib_a-nano-svfprintf.o)
                              c:/program files (x86)/gnu arm embedded toolchain/10 2021.10/bin/../lib/gcc/arm-none-eabi/10.3.1/../../../../arm-none-eabi/lib/thumb/v7e-m/nofp\libg_nano.a(lib_a-vsnprintf.o) (_svfprintf_r)
c:/program files (x86)/gnu arm embedded toolchain/10 2021.10/bin/../lib/gcc/arm-none-eabi/10.3.1/../../../../arm-none-eabi/lib/thumb/v7e-m/nofp\libg_nano.a(lib_a-nano-vfprintf_i.o)
                              c:/program files (x86)/gnu arm embedded toolchain/10 2021.10/bin/../lib/gcc/arm-none-eabi/10.3.1/../../../../arm-none-eabi/lib/thumb/v7e-m/nofp\libg_nano.a(lib_a-nano-svfprintf.o) (_printf_i)
c:/program files (x86)/gnu arm embedded toolchain/10 2021.10/bin/../lib/gcc/arm-none-eabi/10.3.1/../../../../arm-none-eabi/lib/thumb/v7e-m/nofp\libg_nano.a(lib_a-sbrkr.o)
                              c:/program files (x86)/gnu arm embedded toolchain/10 2021.10/bin/../lib/gcc/arm-none-eabi/10.3.1/../../../../arm-none-eabi/lib/thumb/v7e-m/nofp\libg_nano.a(lib_a-nano-mallocr.o) (_sbrk_r)
c:/program files (x86)/gnu arm embedded toolchain/10 2021.10/bin/../lib/gcc/arm-none-eabi/10.3.1/../../../../arm-none-eabi/lib/thumb/v7e-m/nofp\libg_nano.a(lib_a-memchr.o)
                              c:/program files (x86)/gnu arm embedded toolchain/10 2021.10/bin/../lib/gcc/arm-none-eabi/10.3.1/../../../../arm-none-eabi/lib/thumb/v7e-m/nofp\libg_nano.a(lib_a-nano-svfprintf.o) (memchr)
c:/program files (x86)/gnu arm embedded toolchain/10 2021.10/bin/../lib/gcc/arm-none-eabi/10.3.1/../../../../arm-none-eabi/lib/thumb/v7e-m/nofp\libg_nano.a(lib_a-memcpy-stub.o)
[...]
Memory Configuration

Name             Origin             Length             Attributes
RAM              0x20000000         0x00020000         xrw
CCMRAM           0x10000000         0x00010000         xrw
FLASH            0x08000000         0x00100000         xr
FLASHB1          0x00000000         0x00000000         xr
EXTMEMB0         0x00000000         0x00000000         xr
EXTMEMB1         0x00000000         0x00000000         xr
EXTMEMB2         0x00000000         0x00000000         xr
EXTMEMB3         0x00000000         0x00000000         xr
MEMORY_ARRAY     0x20002000         0x00000020         xrw
*default*        0x00000000         0xffffffff

Linker script and memory map

LOAD ./system/src/stm32f4-hal/stm32f4xx_hal.o
LOAD ./system/src/stm32f4-hal/stm32f4xx_hal_cortex.o
LOAD ./system/src/stm32f4-hal/stm32f4xx_hal_flash.o
LOAD ./system/src/stm32f4-hal/stm32f4xx_hal_flash_ex.o
LOAD ./system/src/stm32f4-hal/stm32f4xx_hal_flash_ramfunc.o
LOAD ./system/src/stm32f4-hal/stm32f4xx_hal_gpio.o
LOAD ./system/src/stm32f4-hal/stm32f4xx_hal_iwdg.o
LOAD ./system/src/stm32f4-hal/stm32f4xx_hal_pwr.o
LOAD ./system/src/stm32f4-hal/stm32f4xx_hal_rcc.o
LOAD ./system/src/newlib/assert.o
LOAD ./system/src/newlib/cxx.o
LOAD ./system/src/newlib/exit.o
LOAD ./system/src/newlib/sbrk.o
LOAD ./system/src/newlib/startup.o
LOAD ./system/src/newlib/syscalls.o
LOAD ./system/src/diag/trace-impl.o
LOAD ./system/src/diag/trace.o
LOAD ./system/src/cortexm/exception-handlers.o
LOAD ./system/src/cortexm/initialize-hardware.o
LOAD ./system/src/cortexm/reset-hardware.o
LOAD ./system/src/cmsis/system_stm32f4xx.o
LOAD ./system/src/cmsis/vectors_stm32f407xx.o
LOAD ./src/initialize-hardware.o
LOAD ./src/led.o
LOAD ./src/main.o
LOAD ./src/stm32f4xx_hal_msp.o
LOAD ./src/timer.o
LOAD ./src/write.o
LOAD c:/program files (x86)/gnu arm embedded toolchain/10 2021.10/bin/../lib/gcc/arm-none-eabi/10.3.1/../../../../arm-none-eabi/lib/thumb/v7e-m/nofp\libstdc++_nano.a
LOAD c:/program files (x86)/gnu arm embedded toolchain/10 2021.10/bin/../lib/gcc/arm-none-eabi/10.3.1/../../../../arm-none-eabi/lib/thumb/v7e-m/nofp\libm.a
START GROUP
LOAD c:/program files (x86)/gnu arm embedded toolchain/10 2021.10/bin/../lib/gcc/arm-none-eabi/10.3.1/thumb/v7e-m/nofp\libgcc.a
LOAD c:/program files (x86)/gnu arm embedded toolchain/10 2021.10/bin/../lib/gcc/arm-none-eabi/10.3.1/../../../../arm-none-eabi/lib/thumb/v7e-m/nofp\libg_nano.a
LOAD c:/program files (x86)/gnu arm embedded toolchain/10 2021.10/bin/../lib/gcc/arm-none-eabi/10.3.1/../../../../arm-none-eabi/lib/thumb/v7e-m/nofp\libc_nano.a
END GROUP
START GROUP
LOAD c:/program files (x86)/gnu arm embedded toolchain/10 2021.10/bin/../lib/gcc/arm-none-eabi/10.3.1/thumb/v7e-m/nofp\libgcc.a
LOAD c:/program files (x86)/gnu arm embedded toolchain/10 2021.10/bin/../lib/gcc/arm-none-eabi/10.3.1/../../../../arm-none-eabi/lib/thumb/v7e-m/nofp\libc_nano.a
END GROUP
                0x20020000                __stack = (ORIGIN (RAM) + LENGTH (RAM))
                0x20020000                _estack = __stack
                0x00000400                __Main_Stack_Size = 0x400
                [!provide]                PROVIDE (_Main_Stack_Size = __Main_Stack_Size)
                0x2001fc00                __Main_Stack_Limit = (__stack - __Main_Stack_Size)
                [!provide]                PROVIDE (_Main_Stack_Limit = __Main_Stack_Limit)
                0x00000100                _Minimum_Stack_Size = 0x100
                0x20000144                PROVIDE (_Heap_Begin = _end_noinit)
                0x2001fc00                PROVIDE (_Heap_Limit = (__stack - __Main_Stack_Size))

.isr_vector     0x08000000      0x3e8
 FILL mask 0xff
                0x08000000                __vectors_start = ABSOLUTE (.)
                0x08000000                __vectors_start__ = ABSOLUTE (.)
 *(.isr_vector)
 .isr_vector    0x08000000      0x188 ./system/src/cmsis/vectors_stm32f407xx.o
                0x08000000                __isr_vectors
 *(.cfmconfig)
 *(.after_vectors .after_vectors.*)
 .after_vectors
                0x08000188      0x130 ./system/src/newlib/startup.o
                0x08000188                _start
 .after_vectors
                0x080002b8      0x12c ./system/src/cortexm/exception-handlers.o
                0x080002b8                Reset_Handler
                0x080002be                NMI_Handler
                0x080002c2                HardFault_Handler
                0x080002d6                HardFault_Handler_C
                0x08000334                MemManage_Handler
                0x08000338                BusFault_Handler
                0x0800034c                BusFault_Handler_C
                0x08000380                UsageFault_Handler
                0x08000394                UsageFault_Handler_C
                0x080003c8                SVC_Handler
                0x080003cc                DebugMon_Handler
                0x080003d0                PendSV_Handler
 .after_vectors
                0x080003e4        0x4 ./system/src/cmsis/vectors_stm32f407xx.o
                0x080003e4                RTC_Alarm_IRQHandler
                0x080003e4                HASH_RNG_IRQHandler
                0x080003e4                EXTI2_IRQHandler
                0x080003e4                TIM8_CC_IRQHandler
                0x080003e4                TIM1_CC_IRQHandler
                0x080003e4                DMA2_Stream5_IRQHandler
                0x080003e4                DMA1_Stream5_IRQHandler
                0x080003e4                PVD_IRQHandler
                0x080003e4                SDIO_IRQHandler
                0x080003e4                TAMP_STAMP_IRQHandler
                0x080003e4                CAN2_RX1_IRQHandler
                0x080003e4                EXTI3_IRQHandler
                0x080003e4                TIM8_TRG_COM_TIM14_IRQHandler
                0x080003e4                TIM1_UP_TIM10_IRQHandler
                0x080003e4                TIM8_UP_TIM13_IRQHandler
                0x080003e4                I2C3_ER_IRQHandler
                0x080003e4                I2C2_EV_IRQHandler
                0x080003e4                DMA1_Stream2_IRQHandler
                0x080003e4                CAN1_RX0_IRQHandler
                0x080003e4                FPU_IRQHandler
                0x080003e4                OTG_HS_WKUP_IRQHandler
                0x080003e4                CAN2_SCE_IRQHandler
                0x080003e4                DMA2_Stream2_IRQHandler
                0x080003e4                SPI1_IRQHandler
                0x080003e4                TIM6_DAC_IRQHandler
                0x080003e4                TIM1_BRK_TIM9_IRQHandler
                0x080003e4                DCMI_IRQHandler
                0x080003e4                CAN2_RX0_IRQHandler
                0x080003e4                DMA2_Stream3_IRQHandler
                0x080003e4                USART6_IRQHandler
                0x080003e4                USART3_IRQHandler
                0x080003e4                CAN1_RX1_IRQHandler
                0x080003e4                UART5_IRQHandler
                0x080003e4                DMA2_Stream0_IRQHandler
                0x080003e4                TIM4_IRQHandler
                0x080003e4                I2C1_EV_IRQHandler
                0x080003e4                DMA1_Stream6_IRQHandler
                0x080003e4                DMA1_Stream1_IRQHandler
                0x080003e4                UART4_IRQHandler
                0x080003e4                TIM3_IRQHandler
                0x080003e4                RCC_IRQHandler
                0x080003e4                TIM8_BRK_TIM12_IRQHandler
                0x080003e4                Default_Handler
                0x080003e4                EXTI15_10_IRQHandler
                0x080003e4                ADC_IRQHandler
                0x080003e4                DMA1_Stream7_IRQHandler
                0x080003e4                TIM7_IRQHandler
                0x080003e4                CAN2_TX_IRQHandler
                0x080003e4                TIM5_IRQHandler
                0x080003e4                DMA2_Stream7_IRQHandler
                0x080003e4                I2C3_EV_IRQHandler
                0x080003e4                EXTI9_5_IRQHandler
                0x080003e4                RTC_WKUP_IRQHandler
                0x080003e4                ETH_WKUP_IRQHandler
                0x080003e4                SPI2_IRQHandler
                0x080003e4                OTG_HS_EP1_IN_IRQHandler
                0x080003e4                DMA1_Stream0_IRQHandler
                0x080003e4                CAN1_TX_IRQHandler
                0x080003e4                EXTI4_IRQHandler
                0x080003e4                ETH_IRQHandler
                0x080003e4                OTG_HS_EP1_OUT_IRQHandler
                0x080003e4                WWDG_IRQHandler
                0x080003e4                TIM2_IRQHandler
                0x080003e4                OTG_FS_WKUP_IRQHandler
                0x080003e4                TIM1_TRG_COM_TIM11_IRQHandler
                0x080003e4                OTG_HS_IRQHandler
                0x080003e4                EXTI1_IRQHandler
                0x080003e4                USART2_IRQHandler
                0x080003e4                I2C2_ER_IRQHandler
                0x080003e4                DMA2_Stream1_IRQHandler
                0x080003e4                CAN1_SCE_IRQHandler
                0x080003e4                FLASH_IRQHandler
                0x080003e4                DMA2_Stream4_IRQHandler
                0x080003e4                USART1_IRQHandler
                0x080003e4                OTG_FS_IRQHandler
                0x080003e4                SPI3_IRQHandler
                0x080003e4                DMA1_Stream4_IRQHandler
                0x080003e4                I2C1_ER_IRQHandler
                0x080003e4                FMC_IRQHandler
                0x080003e4                DMA2_Stream6_IRQHandler
                0x080003e4                DMA1_Stream3_IRQHandler

.inits          0x080003e8       0x28
                0x080003e8                __data_regions_array_start = .
                0x080003e8        0x4 LONG 0x80027ec LOADADDR (.data)
                0x080003ec        0x4 LONG 0x20000000 ADDR (.data)
                0x080003f0        0x4 LONG 0x20000094 (ADDR (.data) + SIZEOF (.data))
                0x080003f4        0x4 LONG 0x80027ec LOADADDR (.data_CCMRAM)
                0x080003f8        0x4 LONG 0x10000000 ADDR (.data_CCMRAM)
                0x080003fc        0x4 LONG 0x10000000 (ADDR (.data_CCMRAM) + SIZEOF (.data_CCMRAM))
                0x08000400                __data_regions_array_end = .
                0x08000400                __bss_regions_array_start = .
                0x08000400        0x4 LONG 0x20000094 ADDR (.bss)
                0x08000404        0x4 LONG 0x20000144 (ADDR (.bss) + SIZEOF (.bss))
                0x08000408        0x4 LONG 0x10000000 ADDR (.bss_CCMRAM)
                0x0800040c        0x4 LONG 0x10000000 (ADDR (.bss_CCMRAM) + SIZEOF (.bss_CCMRAM))
                0x08000410                __bss_regions_array_end = .
 *(.init)
 *(.fini)
                0x08000410                . = ALIGN (0x4)
                0x08000410                PROVIDE (__preinit_array_start = .)
 *(.preinit_array_sysinit .preinit_array_sysinit.*)
 *(.preinit_array_platform .preinit_array_platform.*)
 *(.preinit_array .preinit_array.*)
                0x08000410                PROVIDE (__preinit_array_end = .)
                0x08000410                . = ALIGN (0x4)
                0x08000410                PROVIDE (__init_array_start = .)
 *(SORT_BY_NAME(.init_array.*))
 *(.init_array)
                0x08000410                PROVIDE (__init_array_end = .)
                0x08000410                . = ALIGN (0x4)
                0x08000410                PROVIDE (__fini_array_start = .)
 *(SORT_BY_NAME(.fini_array.*))
 *(.fini_array)
                0x08000410                PROVIDE (__fini_array_end = .)

.flashtext
 *(.flashtext .flashtext.*)

.text           0x08000410     0x23d4
 *(.text .text.*)
 .text.HAL_InitTick
                0x08000410       0x4c ./system/src/stm32f4-hal/stm32f4xx_hal.o
                0x08000410                HAL_InitTick
 .text.HAL_Init
                0x0800045c       0x34 ./system/src/stm32f4-hal/stm32f4xx_hal.o
                0x0800045c                HAL_Init
 .text.HAL_IncTick
                0x08000490       0x18 ./system/src/stm32f4-hal/stm32f4xx_hal.o
                0x08000490                HAL_IncTick
 .text.HAL_GetTick
                0x080004a8        0xc ./system/src/stm32f4-hal/stm32f4xx_hal.o
                0x080004a8                HAL_GetTick
 .text.HAL_NVIC_SetPriorityGrouping
                0x080004b4       0x3c ./system/src/stm32f4-hal/stm32f4xx_hal_cortex.o
                0x080004b4                HAL_NVIC_SetPriorityGrouping
 .text.HAL_NVIC_SetPriority
                0x080004f0       0x8c ./system/src/stm32f4-hal/stm32f4xx_hal_cortex.o
                0x080004f0                HAL_NVIC_SetPriority
 .text.HAL_NVIC_EnableIRQ
                0x0800057c       0x30 ./system/src/stm32f4-hal/stm32f4xx_hal_cortex.o
                0x0800057c                HAL_NVIC_EnableIRQ
 .text.HAL_SYSTICK_Config
                0x080005ac       0x28 ./system/src/stm32f4-hal/stm32f4xx_hal_cortex.o
                0x080005ac                HAL_SYSTICK_Config
 .text.HAL_SYSTICK_CLKSourceConfig
                0x080005d4       0x3c ./system/src/stm32f4-hal/stm32f4xx_hal_cortex.o
                0x080005d4                HAL_SYSTICK_CLKSourceConfig
 .text.HAL_GPIO_Init
                0x08000610      0x2f4 ./system/src/stm32f4-hal/stm32f4xx_hal_gpio.o
                0x08000610                HAL_GPIO_Init
 .text.HAL_GPIO_ReadPin
                0x08000904       0x28 ./system/src/stm32f4-hal/stm32f4xx_hal_gpio.o
                0x08000904                HAL_GPIO_ReadPin
 .text.HAL_GPIO_WritePin
                0x0800092c       0x38 ./system/src/stm32f4-hal/stm32f4xx_hal_gpio.o
                0x0800092c                HAL_GPIO_WritePin
 .text.HAL_GPIO_TogglePin
                0x08000964       0x2c ./system/src/stm32f4-hal/stm32f4xx_hal_gpio.o
                0x08000964                HAL_GPIO_TogglePin
 .text.HAL_GPIO_EXTI_IRQHandler
                0x08000990       0x1c ./system/src/stm32f4-hal/stm32f4xx_hal_gpio.o
                0x08000990                HAL_GPIO_EXTI_IRQHandler
 .text.HAL_RCC_OscConfig
                0x080009ac      0x4f0 ./system/src/stm32f4-hal/stm32f4xx_hal_rcc.o
                0x080009ac                HAL_RCC_OscConfig
 .text.HAL_RCC_GetSysClockFreq
                0x08000e9c       0xd4 ./system/src/stm32f4-hal/stm32f4xx_hal_rcc.o
                0x08000e9c                HAL_RCC_GetSysClockFreq
 .text.HAL_RCC_ClockConfig
                0x08000f70      0x21c ./system/src/stm32f4-hal/stm32f4xx_hal_rcc.o
                0x08000f70                HAL_RCC_ClockConfig
 .text.HAL_RCC_GetHCLKFreq
                0x0800118c        0xc ./system/src/stm32f4-hal/stm32f4xx_hal_rcc.o
                0x0800118c                HAL_RCC_GetHCLKFreq
 .text._exit    0x08001198        0x2 ./system/src/newlib/exit.o
                0x08001198                _exit
 *fill*         0x0800119a        0x2 
 .text._sbrk    0x0800119c       0x44 ./system/src/newlib/sbrk.o
                0x0800119c                _sbrk
 .text.__initialize_args
                0x080011e0       0x10 ./system/src/newlib/syscalls.o
                0x080011e0                __initialize_args
 .text._trace_write_semihosting_debug
                0x080011f0       0x62 ./system/src/diag/trace-impl.o
 .text.trace_write
                0x08001252        0x8 ./system/src/diag/trace-impl.o
                0x08001252                trace_write
 *fill*         0x0800125a        0x2 
 .text.trace_printf
                0x0800125c       0x34 ./system/src/diag/trace.o
                0x0800125c                trace_printf
 .text.dumpExceptionStack
                0x08001290       0xf4 ./system/src/cortexm/exception-handlers.o
                0x08001290                dumpExceptionStack
 .text.isSemihosting
                0x08001384       0x20 ./system/src/cortexm/exception-handlers.o
                0x08001384                isSemihosting
 .text.__initialize_hardware_early
                0x080013a4       0x18 ./system/src/cortexm/initialize-hardware.o
                0x080013a4                __initialize_hardware_early
 .text.SystemInit
                0x080013bc       0x10 ./system/src/cmsis/system_stm32f4xx.o
                0x080013bc                SystemInit
 .text.SystemCoreClockUpdate
                0x080013cc       0xa0 ./system/src/cmsis/system_stm32f4xx.o
                0x080013cc                SystemCoreClockUpdate
 .text.SystemClock_Config
                0x0800146c       0xa0 ./src/initialize-hardware.o
                0x0800146c                SystemClock_Config
 .text.__initialize_hardware
                0x0800150c       0x10 ./src/initialize-hardware.o
                0x0800150c                __initialize_hardware
 .text.assert_failed
                0x0800151c       0x14 ./src/initialize-hardware.o
                0x0800151c                assert_failed
 .text.Switch_init
                0x08001530       0x44 ./src/led.o
                0x08001530                Switch_init
 .text.blink_led_on
                0x08001574       0x18 ./src/led.o
                0x08001574                blink_led_on
 .text.blink_led_off
                0x0800158c       0x18 ./src/led.o
                0x0800158c                blink_led_off
 .text.blink_led_init
                0x080015a4       0x3c ./src/led.o
                0x080015a4                blink_led_init
 .text.main     0x080015e0      0x1bc ./src/main.o
                0x080015e0                main
 .text.EXTI0_IRQHandler
                0x0800179c        0xa ./src/main.o
                0x0800179c                EXTI0_IRQHandler
 *fill*         0x080017a6        0x2 
 .text.HAL_GPIO_EXTI_Callback
                0x080017a8       0x7c ./src/main.o
                0x080017a8                HAL_GPIO_EXTI_Callback
 .text.HAL_MspInit
                0x08001824        0x2 ./src/stm32f4xx_hal_msp.o
                0x08001824                HAL_MspInit
 *fill*         0x08001826        0x2 
 .text.timer_start
                0x08001828       0x38 ./src/timer.o
                0x08001828                timer_start
 .text.timer_sleep
                0x08001860       0x14 ./src/timer.o
                0x08001860                timer_sleep
 .text.timer_tick
                0x08001874       0x14 ./src/timer.o
                0x08001874                timer_tick
 .text.SysTick_Handler
                0x08001888        0xc ./src/timer.o
                0x08001888                SysTick_Handler
 .text          0x08001894       0x30 c:/program files (x86)/gnu arm embedded toolchain/10 2021.10/bin/../lib/gcc/arm-none-eabi/10.3.1/thumb/v7e-m/nofp\libgcc.a(_aeabi_uldivmod.o)
                0x08001894                __aeabi_uldivmod
 .text          0x080018c4      0x2d0 c:/program files (x86)/gnu arm embedded toolchain/10 2021.10/bin/../lib/gcc/arm-none-eabi/10.3.1/thumb/v7e-m/nofp\libgcc.a(_udivmoddi4.o)
                0x080018c4                __udivmoddi4
 .text          0x08001b94        0x4 c:/program files (x86)/gnu arm embedded toolchain/10 2021.10/bin/../lib/gcc/arm-none-eabi/10.3.1/thumb/v7e-m/nofp\libgcc.a(_dvmd_tls.o)
                0x08001b94                __aeabi_idiv0
                0x08001b94                __aeabi_ldiv0
 .text.__errno  0x08001b98        0xc c:/program files (x86)/gnu arm embedded toolchain/10 2021.10/bin/../lib/gcc/arm-none-eabi/10.3.1/../../../../arm-none-eabi/lib/thumb/v7e-m/nofp\libg_nano.a(lib_a-errno.o)
                0x08001b98                __errno
 .text._vsnprintf_r
                0x08001ba4       0x56 c:/program files (x86)/gnu arm embedded toolchain/10 2021.10/bin/../lib/gcc/arm-none-eabi/10.3.1/../../../../arm-none-eabi/lib/thumb/v7e-m/nofp\libg_nano.a(lib_a-vsnprintf.o)
                0x08001ba4                _vsniprintf_r
                0x08001ba4                _vsnprintf_r
 *fill*         0x08001bfa        0x2 
 .text.vsnprintf
                0x08001bfc       0x1c c:/program files (x86)/gnu arm embedded toolchain/10 2021.10/bin/../lib/gcc/arm-none-eabi/10.3.1/../../../../arm-none-eabi/lib/thumb/v7e-m/nofp\libg_nano.a(lib_a-vsnprintf.o)
                0x08001bfc                vsniprintf
                0x08001bfc                vsnprintf
 .text._free_r  0x08001c18       0x94 c:/program files (x86)/gnu arm embedded toolchain/10 2021.10/bin/../lib/gcc/arm-none-eabi/10.3.1/../../../../arm-none-eabi/lib/thumb/v7e-m/nofp\libg_nano.a(lib_a-nano-freer.o)
                0x08001c18                _free_r
 .text.sbrk_aligned
                0x08001cac       0x40 c:/program files (x86)/gnu arm embedded toolchain/10 2021.10/bin/../lib/gcc/arm-none-eabi/10.3.1/../../../../arm-none-eabi/lib/thumb/v7e-m/nofp\libg_nano.a(lib_a-nano-mallocr.o)
 .text._malloc_r
                0x08001cec       0xe8 c:/program files (x86)/gnu arm embedded toolchain/10 2021.10/bin/../lib/gcc/arm-none-eabi/10.3.1/../../../../arm-none-eabi/lib/thumb/v7e-m/nofp\libg_nano.a(lib_a-nano-mallocr.o)
                0x08001cec                _malloc_r
 .text.__ssputs_r
                0x08001dd4       0xb6 c:/program files (x86)/gnu arm embedded toolchain/10 2021.10/bin/../lib/gcc/arm-none-eabi/10.3.1/../../../../arm-none-eabi/lib/thumb/v7e-m/nofp\libg_nano.a(lib_a-nano-svfprintf.o)
                0x08001dd4                __ssputs_r
 *fill*         0x08001e8a        0x2 
 .text._svfprintf_r
                0x08001e8c      0x200 c:/program files (x86)/gnu arm embedded toolchain/10 2021.10/bin/../lib/gcc/arm-none-eabi/10.3.1/../../../../arm-none-eabi/lib/thumb/v7e-m/nofp\libg_nano.a(lib_a-nano-svfprintf.o)
                0x08001e8c                _svfiprintf_r
                0x08001e8c                _svfprintf_r
 .text._printf_common
                0x0800208c       0xda c:/program files (x86)/gnu arm embedded toolchain/10 2021.10/bin/../lib/gcc/arm-none-eabi/10.3.1/../../../../arm-none-eabi/lib/thumb/v7e-m/nofp\libg_nano.a(lib_a-nano-vfprintf_i.o)
                0x0800208c                _printf_common
 *fill*         0x08002166        0x2 
 .text._printf_i
                0x08002168      0x24c c:/program files (x86)/gnu arm embedded toolchain/10 2021.10/bin/../lib/gcc/arm-none-eabi/10.3.1/../../../../arm-none-eabi/lib/thumb/v7e-m/nofp\libg_nano.a(lib_a-nano-vfprintf_i.o)
                0x08002168                _printf_i
 .text._sbrk_r  0x080023b4       0x20 c:/program files (x86)/gnu arm embedded toolchain/10 2021.10/bin/../lib/gcc/arm-none-eabi/10.3.1/../../../../arm-none-eabi/lib/thumb/v7e-m/nofp\libg_nano.a(lib_a-sbrkr.o)
                0x080023b4                _sbrk_r
 *fill*         0x080023d4        0xc 
 .text          0x080023e0       0xa0 c:/program files (x86)/gnu arm embedded toolchain/10 2021.10/bin/../lib/gcc/arm-none-eabi/10.3.1/../../../../arm-none-eabi/lib/thumb/v7e-m/nofp\libg_nano.a(lib_a-memchr.o)
                0x080023e0                memchr
 .text.memcpy   0x08002480       0x1c c:/program files (x86)/gnu arm embedded toolchain/10 2021.10/bin/../lib/gcc/arm-none-eabi/10.3.1/../../../../arm-none-eabi/lib/thumb/v7e-m/nofp\libg_nano.a(lib_a-memcpy-stub.o)
                0x08002480                memcpy
 .text.memmove  0x0800249c       0x34 c:/program files (x86)/gnu arm embedded toolchain/10 2021.10/bin/../lib/gcc/arm-none-eabi/10.3.1/../../../../arm-none-eabi/lib/thumb/v7e-m/nofp\libg_nano.a(lib_a-memmove.o)
                0x0800249c                memmove
 .text.__malloc_lock
                0x080024d0        0xc c:/program files (x86)/gnu arm embedded toolchain/10 2021.10/bin/../lib/gcc/arm-none-eabi/10.3.1/../../../../arm-none-eabi/lib/thumb/v7e-m/nofp\libg_nano.a(lib_a-mlock.o)
                0x080024d0                __malloc_lock
 .text.__malloc_unlock
                0x080024dc        0xc c:/program files (x86)/gnu arm embedded toolchain/10 2021.10/bin/../lib/gcc/arm-none-eabi/10.3.1/../../../../arm-none-eabi/lib/thumb/v7e-m/nofp\libg_nano.a(lib_a-mlock.o)
                0x080024dc                __malloc_unlock
 .text._realloc_r
                0x080024e8       0x5e c:/program files (x86)/gnu arm embedded toolchain/10 2021.10/bin/../lib/gcc/arm-none-eabi/10.3.1/../../../../arm-none-eabi/lib/thumb/v7e-m/nofp\libg_nano.a(lib_a-nano-reallocr.o)
                0x080024e8                _realloc_r
 .text.__retarget_lock_acquire_recursive
                0x08002546        0x2 c:/program files (x86)/gnu arm embedded toolchain/10 2021.10/bin/../lib/gcc/arm-none-eabi/10.3.1/../../../../arm-none-eabi/lib/thumb/v7e-m/nofp\libg_nano.a(lib_a-lock.o)
                0x08002546                __retarget_lock_acquire_recursive
 .text.__retarget_lock_release_recursive
                0x08002548        0x2 c:/program files (x86)/gnu arm embedded toolchain/10 2021.10/bin/../lib/gcc/arm-none-eabi/10.3.1/../../../../arm-none-eabi/lib/thumb/v7e-m/nofp\libg_nano.a(lib_a-lock.o)
                0x08002548                __retarget_lock_release_recursive
 .text._malloc_usable_size_r
                0x0800254a       0x10 c:/program files (x86)/gnu arm embedded toolchain/10 2021.10/bin/../lib/gcc/arm-none-eabi/10.3.1/../../../../arm-none-eabi/lib/thumb/v7e-m/nofp\libg_nano.a(lib_a-nano-msizer.o)
                0x0800254a                _malloc_usable_size_r
 *(.rodata .rodata.* .constdata .constdata.*)
 *fill*         0x0800255a        0x2 
 .rodata.HAL_NVIC_SetPriorityGrouping.str1.4
                0x0800255c       0x31 ./system/src/stm32f4-hal/stm32f4xx_hal_cortex.o
 *fill*         0x0800258d        0x3 
 .rodata.HAL_GPIO_Init.str1.4
                0x08002590       0x2f ./system/src/stm32f4-hal/stm32f4xx_hal_gpio.o
 *fill*         0x080025bf        0x1 
 .rodata.HAL_RCC_OscConfig.str1.4
                0x080025c0       0x2e ./system/src/stm32f4-hal/stm32f4xx_hal_rcc.o
 *fill*         0x080025ee        0x2 
 .rodata.dumpExceptionStack.str1.4
                0x080025f0      0x11a ./system/src/cortexm/exception-handlers.o
 *fill*         0x0800270a        0x2 
 .rodata.str1.4
                0x0800270c       0x2a ./system/src/cortexm/exception-handlers.o
 *fill*         0x08002736        0x2 
 .rodata.AHBPrescTable
                0x08002738       0x10 ./system/src/cmsis/system_stm32f4xx.o
                0x08002738                AHBPrescTable
 .rodata.assert_failed.str1.4
                0x08002748       0x2d ./src/initialize-hardware.o
 *fill*         0x08002775        0x3 
 .rodata.main.str1.4
                0x08002778       0x22 ./src/main.o
 *fill*         0x0800279a        0x2 
 .rodata.HAL_GPIO_EXTI_Callback.str1.4
                0x0800279c       0x15 ./src/main.o
 .rodata._svfprintf_r.str1.1
                0x080027b1       0x11 c:/program files (x86)/gnu arm embedded toolchain/10 2021.10/bin/../lib/gcc/arm-none-eabi/10.3.1/../../../../arm-none-eabi/lib/thumb/v7e-m/nofp\libg_nano.a(lib_a-nano-svfprintf.o)
 .rodata._printf_i.str1.1
                0x080027c2       0x22 c:/program files (x86)/gnu arm embedded toolchain/10 2021.10/bin/../lib/gcc/arm-none-eabi/10.3.1/../../../../arm-none-eabi/lib/thumb/v7e-m/nofp\libg_nano.a(lib_a-nano-vfprintf_i.o)
 *(vtable)
 *(.eh_frame*)
 *(.glue_7)
 .glue_7        0x080027e4        0x0 linker stubs
 *(.glue_7t)
 .glue_7t       0x080027e4        0x0 linker stubs

.vfp11_veneer   0x080027e4        0x0
 .vfp11_veneer  0x080027e4        0x0 linker stubs

.v4_bx          0x080027e4        0x0
 .v4_bx         0x080027e4        0x0 linker stubs

.iplt           0x080027e4        0x0
 .iplt          0x080027e4        0x0 ./system/src/stm32f4-hal/stm32f4xx_hal.o

.ARM.extab
 *(.ARM.extab* .gnu.linkonce.armextab.*)
                0x080027e4                . = ALIGN (0x4)
                0x080027e4                __exidx_start = .

.ARM.exidx      0x080027e4        0x8
 *(.ARM.exidx* .gnu.linkonce.armexidx.*)
 .ARM.exidx     0x080027e4        0x8 c:/program files (x86)/gnu arm embedded toolchain/10 2021.10/bin/../lib/gcc/arm-none-eabi/10.3.1/thumb/v7e-m/nofp\libgcc.a(_udivmoddi4.o)
                0x080027ec                __exidx_end = .

.rel.dyn        0x080027ec        0x0
 .rel.iplt      0x080027ec        0x0 ./system/src/stm32f4-hal/stm32f4xx_hal.o
                0x080027ec                . = ALIGN (0x4)
                0x080027ec                _etext = .
                0x080027ec                __etext = .

.data_CCMRAM    0x10000000        0x0 load address 0x080027ec
 FILL mask 0xff
 *(.data.CCMRAM .data.CCMRAM.*)
                0x10000000                . = ALIGN (0x4)
                0x080027ec                _sidata = LOADADDR (.data)

.data           0x20000000       0x94 load address 0x080027ec
 FILL mask 0xff
                0x20000000                _sdata = .
                0x20000000                __data_start__ = .
 *(.data_begin .data_begin.*)
 .data_begin    0x20000000        0x4 ./system/src/newlib/startup.o
 *(.data .data.*)
 .data.uwTickFreq
                0x20000004        0x1 ./system/src/stm32f4-hal/stm32f4xx_hal.o
                0x20000004                uwTickFreq
 *fill*         0x20000005        0x3 ff
 .data.uwTickPrio
                0x20000008        0x4 ./system/src/stm32f4-hal/stm32f4xx_hal.o
                0x20000008                uwTickPrio
 .data.argv.4333
                0x2000000c        0x8 ./system/src/newlib/syscalls.o
 .data.SystemCoreClock
                0x20000014        0x4 ./system/src/cmsis/system_stm32f4xx.o
                0x20000014                SystemCoreClock
 .data.BLUE     0x20000018        0x4 ./src/main.o
                0x20000018                BLUE
 .data.GREEN    0x2000001c        0x4 ./src/main.o
                0x2000001c                GREEN
 .data.ORANGE   0x20000020        0x4 ./src/main.o
                0x20000020                ORANGE
 .data.RED      0x20000024        0x4 ./src/main.o
                0x20000024                RED
 .data.Seconds  0x20000028        0x2 ./src/main.o
                0x20000028                Seconds
 *fill*         0x2000002a        0x2 ff
 .data._impure_ptr
                0x2000002c        0x4 c:/program files (x86)/gnu arm embedded toolchain/10 2021.10/bin/../lib/gcc/arm-none-eabi/10.3.1/../../../../arm-none-eabi/lib/thumb/v7e-m/nofp\libg_nano.a(lib_a-impure.o)
                0x2000002c                _impure_ptr
 .data.impure_data
                0x20000030       0x60 c:/program files (x86)/gnu arm embedded toolchain/10 2021.10/bin/../lib/gcc/arm-none-eabi/10.3.1/../../../../arm-none-eabi/lib/thumb/v7e-m/nofp\libg_nano.a(lib_a-impure.o)
 *(.data_end .data_end.*)
 .data_end      0x20000090        0x4 ./system/src/newlib/startup.o
                0x20000094                . = ALIGN (0x4)
                0x20000094                _edata = .
                0x20000094                __data_end__ = .

.igot.plt       0x20000094        0x0 load address 0x08002880
 .igot.plt      0x20000094        0x0 ./system/src/stm32f4-hal/stm32f4xx_hal.o

.bss_CCMRAM     0x10000000        0x0
 *(.bss.CCMRAM .bss.CCMRAM.*)

.bss            0x20000094       0xb0
                0x20000094                __bss_start__ = .
                0x20000094                _sbss = .
 *(.bss_begin .bss_begin.*)
 .bss_begin     0x20000094        0x4 ./system/src/newlib/startup.o
 *(.bss .bss.*)
 .bss.uwTick    0x20000098        0x4 ./system/src/stm32f4-hal/stm32f4xx_hal.o
                0x20000098                uwTick
 .bss.current_heap_end.3965
                0x2000009c        0x4 ./system/src/newlib/sbrk.o
 .bss.name.4332
                0x200000a0        0x1 ./system/src/newlib/syscalls.o
 *fill*         0x200000a1        0x3 
 .bss.buf.5209  0x200000a4       0x80 ./system/src/diag/trace.o
 .bss.Time      0x20000124        0x2 ./src/main.o
                0x20000124                Time
 .bss.flag      0x20000126        0x1 ./src/main.o
                0x20000126                flag
 .bss.flag1     0x20000127        0x1 ./src/main.o
                0x20000127                flag1
 .bss.toggle    0x20000128        0x1 ./src/main.o
                0x20000128                toggle
 *fill*         0x20000129        0x3 
 .bss.timer_delayCount
                0x2000012c        0x4 ./src/timer.o
                0x2000012c                timer_delayCount
 .bss.errno     0x20000130        0x4 c:/program files (x86)/gnu arm embedded toolchain/10 2021.10/bin/../lib/gcc/arm-none-eabi/10.3.1/../../../../arm-none-eabi/lib/thumb/v7e-m/nofp\libg_nano.a(lib_a-reent.o)
                0x20000130                errno
 .bss.__malloc_free_list
                0x20000134        0x4 c:/program files (x86)/gnu arm embedded toolchain/10 2021.10/bin/../lib/gcc/arm-none-eabi/10.3.1/../../../../arm-none-eabi/lib/thumb/v7e-m/nofp\libg_nano.a(lib_a-nano-mallocr.o)
                0x20000134                __malloc_free_list
 .bss.__malloc_sbrk_start
                0x20000138        0x4 c:/program files (x86)/gnu arm embedded toolchain/10 2021.10/bin/../lib/gcc/arm-none-eabi/10.3.1/../../../../arm-none-eabi/lib/thumb/v7e-m/nofp\libg_nano.a(lib_a-nano-mallocr.o)
                0x20000138                __malloc_sbrk_start
 .bss.__lock___malloc_recursive_mutex
                0x2000013c        0x1 c:/program files (x86)/gnu arm embedded toolchain/10 2021.10/bin/../lib/gcc/arm-none-eabi/10.3.1/../../../../arm-none-eabi/lib/thumb/v7e-m/nofp\libg_nano.a(lib_a-lock.o)
                0x2000013c                __lock___malloc_recursive_mutex
 *(COMMON)
 *(.bss_end .bss_end.*)
 *fill*         0x2000013d        0x3 
 .bss_end       0x20000140        0x4 ./system/src/newlib/startup.o
                0x20000144                . = ALIGN (0x4)
                0x20000144                __bss_end__ = .
                0x20000144                _ebss = .

.noinit_CCMRAM
 *(.noinit.CCMRAM .noinit.CCMRAM.*)

.noinit         0x20000144        0x0
                0x20000144                _noinit = .
 *(.noinit .noinit.*)
                0x20000144                . = ALIGN (0x4)
                0x20000144                _end_noinit = .
                [!provide]                PROVIDE (end = _end_noinit)
                [!provide]                PROVIDE (_end = _end_noinit)
                [!provide]                PROVIDE (__end = _end_noinit)
                [!provide]                PROVIDE (__end__ = _end_noinit)

._check_stack   0x20000144      0x100
                0x20000244                . = (. + _Minimum_Stack_Size)
 *fill*         0x20000144      0x100 

.b1text
 *(.b1text)
 *(.b1rodata)
 *(.b1rodata.*)

.eb0text
 *(.eb0text)
 *(.eb0rodata)
 *(.eb0rodata.*)

.eb1text
 *(.eb1text)
 *(.eb1rodata)
 *(.eb1rodata.*)

.eb2text
 *(.eb2text)
 *(.eb2rodata)
 *(.eb2rodata.*)

.eb3text
 *(.eb3text)
 *(.eb3rodata)
 *(.eb3rodata.*)

.stab
 *(.stab)

.stabstr
 *(.stabstr)

.stab.excl
 *(.stab.excl)

.stab.exclstr
 *(.stab.exclstr)

.stab.index
 *(.stab.index)

.stab.indexstr
 *(.stab.indexstr)

.comment        0x00000000       0xa2
 *(.comment)
 .comment       0x00000000       0x49 ./system/src/stm32f4-hal/stm32f4xx_hal.o
                                 0x4a (size before relaxing)
 .comment       0x00000049       0x4a ./system/src/stm32f4-hal/stm32f4xx_hal_cortex.o
 .comment       0x00000049       0x4a ./system/src/stm32f4-hal/stm32f4xx_hal_gpio.o
 .comment       0x00000049       0x4a ./system/src/stm32f4-hal/stm32f4xx_hal_rcc.o
 .comment       0x00000049       0x59 ./system/src/newlib/exit.o
                                 0x5a (size before relaxing)
 .comment       0x000000a2       0x5a ./system/src/newlib/sbrk.o
 .comment       0x000000a2       0x5a ./system/src/newlib/startup.o
 .comment       0x000000a2       0x5a ./system/src/newlib/syscalls.o
 .comment       0x000000a2       0x4a ./system/src/diag/trace-impl.o
 .comment       0x000000a2       0x5a ./system/src/diag/trace.o
 .comment       0x000000a2       0x4a ./system/src/cortexm/exception-handlers.o
 .comment       0x000000a2       0x4a ./system/src/cortexm/initialize-hardware.o
 .comment       0x000000a2       0x4a ./system/src/cmsis/system_stm32f4xx.o
 .comment       0x000000a2       0x5a ./system/src/cmsis/vectors_stm32f407xx.o
 .comment       0x000000a2       0x4a ./src/initialize-hardware.o
 .comment       0x000000a2       0x4a ./src/led.o
 .comment       0x000000a2       0x4a ./src/main.o
 .comment       0x000000a2       0x4a ./src/stm32f4xx_hal_msp.o
 .comment       0x000000a2       0x4a ./src/timer.o

.ARM.attributes
                0x00000000       0x2c
 .ARM.attributes
                0x00000000       0x2e ./system/src/stm32f4-hal/stm32f4xx_hal.o
 .ARM.attributes
                0x0000002e       0x2e ./system/src/stm32f4-hal/stm32f4xx_hal_cortex.o
 .ARM.attributes
                0x0000005c       0x2e ./system/src/stm32f4-hal/stm32f4xx_hal_gpio.o
 .ARM.attributes
                0x0000008a       0x2e ./system/src/stm32f4-hal/stm32f4xx_hal_rcc.o
 .ARM.attributes
                0x000000b8       0x2e ./system/src/newlib/exit.o
 .ARM.attributes
                0x000000e6       0x2e ./system/src/newlib/sbrk.o
 .ARM.attributes
                0x00000114       0x2e ./system/src/newlib/startup.o
 .ARM.attributes
                0x00000142       0x2e ./system/src/newlib/syscalls.o
 .ARM.attributes
                0x00000170       0x2e ./system/src/diag/trace-impl.o
 .ARM.attributes
                0x0000019e       0x2e ./system/src/diag/trace.o
 .ARM.attributes
                0x000001cc       0x2e ./system/src/cortexm/exception-handlers.o
 .ARM.attributes
                0x000001fa       0x2e ./system/src/cortexm/initialize-hardware.o
 .ARM.attributes
                0x00000228       0x2e ./system/src/cmsis/system_stm32f4xx.o
 .ARM.attributes
                0x00000256       0x2e ./system/src/cmsis/vectors_stm32f407xx.o
 .ARM.attributes
                0x00000284       0x2e ./src/initialize-hardware.o
 .ARM.attributes
                0x000002b2       0x2e ./src/led.o
 .ARM.attributes
                0x000002e0       0x2e ./src/main.o
 .ARM.attributes
                0x0000030e       0x2e ./src/stm32f4xx_hal_msp.o
 .ARM.attributes
                0x0000033c       0x2e ./src/timer.o
 .ARM.attributes
                0x0000036a       0x1e c:/program files (x86)/gnu arm embedded toolchain/10 2021.10/bin/../lib/gcc/arm-none-eabi/10.3.1/thumb/v7e-m/nofp\libgcc.a(_aeabi_uldivmod.o)
 .ARM.attributes
                0x00000388       0x2e c:/program files (x86)/gnu arm embedded toolchain/10 2021.10/bin/../lib/gcc/arm-none-eabi/10.3.1/thumb/v7e-m/nofp\libgcc.a(_udivmoddi4.o)
 .ARM.attributes
                0x000003b6       0x1e c:/program files (x86)/gnu arm embedded toolchain/10 2021.10/bin/../lib/gcc/arm-none-eabi/10.3.1/thumb/v7e-m/nofp\libgcc.a(_dvmd_tls.o)
 .ARM.attributes
                0x000003d4       0x2e c:/program files (x86)/gnu arm embedded toolchain/10 2021.10/bin/../lib/gcc/arm-none-eabi/10.3.1/../../../../arm-none-eabi/lib/thumb/v7e-m/nofp\libg_nano.a(lib_a-errno.o)
 .ARM.attributes
                0x00000402       0x2e c:/program files (x86)/gnu arm embedded toolchain/10 2021.10/bin/../lib/gcc/arm-none-eabi/10.3.1/../../../../arm-none-eabi/lib/thumb/v7e-m/nofp\libg_nano.a(lib_a-impure.o)
 .ARM.attributes
                0x00000430       0x2e c:/program files (x86)/gnu arm embedded toolchain/10 2021.10/bin/../lib/gcc/arm-none-eabi/10.3.1/../../../../arm-none-eabi/lib/thumb/v7e-m/nofp\libg_nano.a(lib_a-reent.o)
 .ARM.attributes
                0x0000045e       0x2e c:/program files (x86)/gnu arm embedded toolchain/10 2021.10/bin/../lib/gcc/arm-none-eabi/10.3.1/../../../../arm-none-eabi/lib/thumb/v7e-m/nofp\libg_nano.a(lib_a-vsnprintf.o)
 .ARM.attributes
                0x0000048c       0x2e c:/program files (x86)/gnu arm embedded toolchain/10 2021.10/bin/../lib/gcc/arm-none-eabi/10.3.1/../../../../arm-none-eabi/lib/thumb/v7e-m/nofp\libg_nano.a(lib_a-nano-freer.o)
 .ARM.attributes
                0x000004ba       0x2e c:/program files (x86)/gnu arm embedded toolchain/10 2021.10/bin/../lib/gcc/arm-none-eabi/10.3.1/../../../../arm-none-eabi/lib/thumb/v7e-m/nofp\libg_nano.a(lib_a-nano-mallocr.o)
 .ARM.attributes
                0x000004e8       0x2e c:/program files (x86)/gnu arm embedded toolchain/10 2021.10/bin/../lib/gcc/arm-none-eabi/10.3.1/../../../../arm-none-eabi/lib/thumb/v7e-m/nofp\libg_nano.a(lib_a-nano-svfprintf.o)
 .ARM.attributes
                0x00000516       0x2e c:/program files (x86)/gnu arm embedded toolchain/10 2021.10/bin/../lib/gcc/arm-none-eabi/10.3.1/../../../../arm-none-eabi/lib/thumb/v7e-m/nofp\libg_nano.a(lib_a-nano-vfprintf_i.o)
 .ARM.attributes
                0x00000544       0x2e c:/program files (x86)/gnu arm embedded toolchain/10 2021.10/bin/../lib/gcc/arm-none-eabi/10.3.1/../../../../arm-none-eabi/lib/thumb/v7e-m/nofp\libg_nano.a(lib_a-sbrkr.o)
 .ARM.attributes
                0x00000572       0x1c c:/program files (x86)/gnu arm embedded toolchain/10 2021.10/bin/../lib/gcc/arm-none-eabi/10.3.1/../../../../arm-none-eabi/lib/thumb/v7e-m/nofp\libg_nano.a(lib_a-memchr.o)
 .ARM.attributes
                0x0000058e       0x2e c:/program files (x86)/gnu arm embedded toolchain/10 2021.10/bin/../lib/gcc/arm-none-eabi/10.3.1/../../../../arm-none-eabi/lib/thumb/v7e-m/nofp\libg_nano.a(lib_a-memcpy-stub.o)
 .ARM.attributes
                0x000005bc       0x2e c:/program files (x86)/gnu arm embedded toolchain/10 2021.10/bin/../lib/gcc/arm-none-eabi/10.3.1/../../../../arm-none-eabi/lib/thumb/v7e-m/nofp\libg_nano.a(lib_a-memmove.o)
 .ARM.attributes
                0x000005ea       0x2e c:/program files (x86)/gnu arm embedded toolchain/10 2021.10/bin/../lib/gcc/arm-none-eabi/10.3.1/../../../../arm-none-eabi/lib/thumb/v7e-m/nofp\libg_nano.a(lib_a-mlock.o)
 .ARM.attributes
                0x00000618       0x2e c:/program files (x86)/gnu arm embedded toolchain/10 2021.10/bin/../lib/gcc/arm-none-eabi/10.3.1/../../../../arm-none-eabi/lib/thumb/v7e-m/nofp\libg_nano.a(lib_a-nano-reallocr.o)
 .ARM.attributes
                0x00000646       0x2e c:/program files (x86)/gnu arm embedded toolchain/10 2021.10/bin/../lib/gcc/arm-none-eabi/10.3.1/../../../../arm-none-eabi/lib/thumb/v7e-m/nofp\libg_nano.a(lib_a-lock.o)
 .ARM.attributes
                0x00000674       0x2e c:/program files (x86)/gnu arm embedded toolchain/10 2021.10/bin/../lib/gcc/arm-none-eabi/10.3.1/../../../../arm-none-eabi/lib/thumb/v7e-m/nofp\libg_nano.a(lib_a-nano-msizer.o)

.debug
 *(.debug)

.line
 *(.line)

.debug_srcinfo
 *(.debug_srcinfo)

.debug_sfnames
 *(.debug_sfnames)

.debug_aranges  0x00000000      0x5a0
 *(.debug_aranges)
 .debug_aranges
                0x00000000       0xf0 ./system/src/stm32f4-hal/stm32f4xx_hal.o
 .debug_aranges
                0x000000f0       0xa8 ./system/src/stm32f4-hal/stm32f4xx_hal_cortex.o
 .debug_aranges
                0x00000198       0x58 ./system/src/stm32f4-hal/stm32f4xx_hal_gpio.o
 .debug_aranges
                0x000001f0       0x88 ./system/src/stm32f4-hal/stm32f4xx_hal_rcc.o
 .debug_aranges
                0x00000278       0x28 ./system/src/newlib/exit.o
 .debug_aranges
                0x000002a0       0x20 ./system/src/newlib/sbrk.o
 .debug_aranges
                0x000002c0       0x40 ./system/src/newlib/startup.o
 .debug_aranges
                0x00000300       0x30 ./system/src/newlib/syscalls.o
 .debug_aranges
                0x00000330       0x30 ./system/src/diag/trace-impl.o
 .debug_aranges
                0x00000360       0x38 ./system/src/diag/trace.o
 .debug_aranges
                0x00000398       0x90 ./system/src/cortexm/exception-handlers.o
 .debug_aranges
                0x00000428       0x28 ./system/src/cortexm/initialize-hardware.o
 .debug_aranges
                0x00000450       0x28 ./system/src/cmsis/system_stm32f4xx.o
 .debug_aranges
                0x00000478       0x20 ./system/src/cmsis/vectors_stm32f407xx.o
 .debug_aranges
                0x00000498       0x30 ./src/initialize-hardware.o
 .debug_aranges
                0x000004c8       0x38 ./src/led.o
 .debug_aranges
                0x00000500       0x30 ./src/main.o
 .debug_aranges
                0x00000530       0x38 ./src/stm32f4xx_hal_msp.o
 .debug_aranges
                0x00000568       0x38 ./src/timer.o

.debug_pubnames
 *(.debug_pubnames)

.debug_info     0x00000000     0x9397
 *(.debug_info .gnu.linkonce.wi.*)
 .debug_info    0x00000000      0xa1f ./system/src/stm32f4-hal/stm32f4xx_hal.o
 .debug_info    0x00000a1f     0x1310 ./system/src/stm32f4-hal/stm32f4xx_hal_cortex.o
 .debug_info    0x00001d2f      0x90c ./system/src/stm32f4-hal/stm32f4xx_hal_gpio.o
 .debug_info    0x0000263b      0xd72 ./system/src/stm32f4-hal/stm32f4xx_hal_rcc.o
 .debug_info    0x000033ad      0x9dc ./system/src/newlib/exit.o
 .debug_info    0x00003d89      0x9c9 ./system/src/newlib/sbrk.o
 .debug_info    0x00004752      0x573 ./system/src/newlib/startup.o
 .debug_info    0x00004cc5      0xaae ./system/src/newlib/syscalls.o
 .debug_info    0x00005773      0x320 ./system/src/diag/trace-impl.o
 .debug_info    0x00005a93      0xbd0 ./system/src/diag/trace.o
 .debug_info    0x00006663      0x983 ./system/src/cortexm/exception-handlers.o
 .debug_info    0x00006fe6      0x2b3 ./system/src/cortexm/initialize-hardware.o
 .debug_info    0x00007299      0x524 ./system/src/cmsis/system_stm32f4xx.o
 .debug_info    0x000077bd       0xce ./system/src/cmsis/vectors_stm32f407xx.o
 .debug_info    0x0000788b      0x583 ./src/initialize-hardware.o
 .debug_info    0x00007e0e      0x741 ./src/led.o
 .debug_info    0x0000854f      0x624 ./src/main.o
 .debug_info    0x00008b73       0xbf ./src/stm32f4xx_hal_msp.o
 .debug_info    0x00008c32      0x765 ./src/timer.o

.debug_abbrev   0x00000000     0x237d
 *(.debug_abbrev)
 .debug_abbrev  0x00000000      0x209 ./system/src/stm32f4-hal/stm32f4xx_hal.o
 .debug_abbrev  0x00000209      0x38a ./system/src/stm32f4-hal/stm32f4xx_hal_cortex.o
 .debug_abbrev  0x00000593      0x22e ./system/src/stm32f4-hal/stm32f4xx_hal_gpio.o
 .debug_abbrev  0x000007c1      0x2a0 ./system/src/stm32f4-hal/stm32f4xx_hal_rcc.o
 .debug_abbrev  0x00000a61      0x222 ./system/src/newlib/exit.o
 .debug_abbrev  0x00000c83      0x232 ./system/src/newlib/sbrk.o
 .debug_abbrev  0x00000eb5      0x1fa ./system/src/newlib/startup.o
 .debug_abbrev  0x000010af      0x26d ./system/src/newlib/syscalls.o
 .debug_abbrev  0x0000131c      0x1eb ./system/src/diag/trace-impl.o
 .debug_abbrev  0x00001507      0x2c6 ./system/src/diag/trace.o
 .debug_abbrev  0x000017cd      0x267 ./system/src/cortexm/exception-handlers.o
 .debug_abbrev  0x00001a34       0xe9 ./system/src/cortexm/initialize-hardware.o
 .debug_abbrev  0x00001b1d      0x11c ./system/src/cmsis/system_stm32f4xx.o
 .debug_abbrev  0x00001c39       0xa5 ./system/src/cmsis/vectors_stm32f407xx.o
 .debug_abbrev  0x00001cde      0x170 ./src/initialize-hardware.o
 .debug_abbrev  0x00001e4e      0x190 ./src/led.o
 .debug_abbrev  0x00001fde      0x167 ./src/main.o
 .debug_abbrev  0x00002145       0x47 ./src/stm32f4xx_hal_msp.o
 .debug_abbrev  0x0000218c      0x1f1 ./src/timer.o

.debug_line     0x00000000     0xabee
 *(.debug_line)
 .debug_line    0x00000000      0xbc0 ./system/src/stm32f4-hal/stm32f4xx_hal.o
 .debug_line    0x00000bc0      0xf08 ./system/src/stm32f4-hal/stm32f4xx_hal_cortex.o
 .debug_line    0x00001ac8      0xede ./system/src/stm32f4-hal/stm32f4xx_hal_gpio.o
 .debug_line    0x000029a6     0x12a3 ./system/src/stm32f4-hal/stm32f4xx_hal_rcc.o
 .debug_line    0x00003c49      0x28f ./system/src/newlib/exit.o
 .debug_line    0x00003ed8      0x279 ./system/src/newlib/sbrk.o
 .debug_line    0x00004151      0x551 ./system/src/newlib/startup.o
 .debug_line    0x000046a2      0x32d ./system/src/newlib/syscalls.o
 .debug_line    0x000049cf      0xbbb ./system/src/diag/trace-impl.o
 .debug_line    0x0000558a      0x36c ./system/src/diag/trace.o
 .debug_line    0x000058f6      0xdef ./system/src/cortexm/exception-handlers.o
 .debug_line    0x000066e5      0x888 ./system/src/cortexm/initialize-hardware.o
 .debug_line    0x00006f6d      0x91a ./system/src/cmsis/system_stm32f4xx.o
 .debug_line    0x00007887       0xd7 ./system/src/cmsis/vectors_stm32f407xx.o
 .debug_line    0x0000795e      0xb7e ./src/initialize-hardware.o
 .debug_line    0x000084dc      0x8ea ./src/led.o
 .debug_line    0x00008dc6      0xc60 ./src/main.o
 .debug_line    0x00009a26      0x878 ./src/stm32f4xx_hal_msp.o
 .debug_line    0x0000a29e      0x950 ./src/timer.o

.debug_frame    0x00000000     0x1030
 *(.debug_frame)
 .debug_frame   0x00000000      0x1f0 ./system/src/stm32f4-hal/stm32f4xx_hal.o
 .debug_frame   0x000001f0      0x19c ./system/src/stm32f4-hal/stm32f4xx_hal_cortex.o
 .debug_frame   0x0000038c       0xfc ./system/src/stm32f4-hal/stm32f4xx_hal_gpio.o
 .debug_frame   0x00000488      0x16c ./system/src/stm32f4-hal/stm32f4xx_hal_rcc.o
 .debug_frame   0x000005f4       0x38 ./system/src/newlib/exit.o
 .debug_frame   0x0000062c       0x28 ./system/src/newlib/sbrk.o
 .debug_frame   0x00000654       0x7c ./system/src/newlib/startup.o
 .debug_frame   0x000006d0       0x50 ./system/src/newlib/syscalls.o
 .debug_frame   0x00000720       0x64 ./system/src/diag/trace-impl.o
 .debug_frame   0x00000784       0x94 ./system/src/diag/trace.o
 .debug_frame   0x00000818      0x158 ./system/src/cortexm/exception-handlers.o
 .debug_frame   0x00000970       0x40 ./system/src/cortexm/initialize-hardware.o
 .debug_frame   0x000009b0       0x30 ./system/src/cmsis/system_stm32f4xx.o
 .debug_frame   0x000009e0       0x20 ./system/src/cmsis/vectors_stm32f407xx.o
 .debug_frame   0x00000a00       0x60 ./src/initialize-hardware.o
 .debug_frame   0x00000a60       0x7c ./src/led.o
 .debug_frame   0x00000adc       0x58 ./src/main.o
 .debug_frame   0x00000b34       0x50 ./src/stm32f4xx_hal_msp.o
 .debug_frame   0x00000b84       0x58 ./src/timer.o
 .debug_frame   0x00000bdc       0x2c c:/program files (x86)/gnu arm embedded toolchain/10 2021.10/bin/../lib/gcc/arm-none-eabi/10.3.1/thumb/v7e-m/nofp\libgcc.a(_aeabi_uldivmod.o)
 .debug_frame   0x00000c08       0x34 c:/program files (x86)/gnu arm embedded toolchain/10 2021.10/bin/../lib/gcc/arm-none-eabi/10.3.1/thumb/v7e-m/nofp\libgcc.a(_udivmoddi4.o)
 .debug_frame   0x00000c3c       0x20 c:/program files (x86)/gnu arm embedded toolchain/10 2021.10/bin/../lib/gcc/arm-none-eabi/10.3.1/../../../../arm-none-eabi/lib/thumb/v7e-m/nofp\libg_nano.a(lib_a-errno.o)
 .debug_frame   0x00000c5c       0x5c c:/program files (x86)/gnu arm embedded toolchain/10 2021.10/bin/../lib/gcc/arm-none-eabi/10.3.1/../../../../arm-none-eabi/lib/thumb/v7e-m/nofp\libg_nano.a(lib_a-reent.o)
 .debug_frame   0x00000cb8       0x4c c:/program files (x86)/gnu arm embedded toolchain/10 2021.10/bin/../lib/gcc/arm-none-eabi/10.3.1/../../../../arm-none-eabi/lib/thumb/v7e-m/nofp\libg_nano.a(lib_a-vsnprintf.o)
 .debug_frame   0x00000d04       0x38 c:/program files (x86)/gnu arm embedded toolchain/10 2021.10/bin/../lib/gcc/arm-none-eabi/10.3.1/../../../../arm-none-eabi/lib/thumb/v7e-m/nofp\libg_nano.a(lib_a-nano-freer.o)
 .debug_frame   0x00000d3c       0x4c c:/program files (x86)/gnu arm embedded toolchain/10 2021.10/bin/../lib/gcc/arm-none-eabi/10.3.1/../../../../arm-none-eabi/lib/thumb/v7e-m/nofp\libg_nano.a(lib_a-nano-mallocr.o)
 .debug_frame   0x00000d88       0x90 c:/program files (x86)/gnu arm embedded toolchain/10 2021.10/bin/../lib/gcc/arm-none-eabi/10.3.1/../../../../arm-none-eabi/lib/thumb/v7e-m/nofp\libg_nano.a(lib_a-nano-svfprintf.o)
 .debug_frame   0x00000e18       0x60 c:/program files (x86)/gnu arm embedded toolchain/10 2021.10/bin/../lib/gcc/arm-none-eabi/10.3.1/../../../../arm-none-eabi/lib/thumb/v7e-m/nofp\libg_nano.a(lib_a-nano-vfprintf_i.o)
 .debug_frame   0x00000e78       0x2c c:/program files (x86)/gnu arm embedded toolchain/10 2021.10/bin/../lib/gcc/arm-none-eabi/10.3.1/../../../../arm-none-eabi/lib/thumb/v7e-m/nofp\libg_nano.a(lib_a-sbrkr.o)
 .debug_frame   0x00000ea4       0x28 c:/program files (x86)/gnu arm embedded toolchain/10 2021.10/bin/../lib/gcc/arm-none-eabi/10.3.1/../../../../arm-none-eabi/lib/thumb/v7e-m/nofp\libg_nano.a(lib_a-memcpy-stub.o)
 .debug_frame   0x00000ecc       0x28 c:/program files (x86)/gnu arm embedded toolchain/10 2021.10/bin/../lib/gcc/arm-none-eabi/10.3.1/../../../../arm-none-eabi/lib/thumb/v7e-m/nofp\libg_nano.a(lib_a-memmove.o)
 .debug_frame   0x00000ef4       0x30 c:/program files (x86)/gnu arm embedded toolchain/10 2021.10/bin/../lib/gcc/arm-none-eabi/10.3.1/../../../../arm-none-eabi/lib/thumb/v7e-m/nofp\libg_nano.a(lib_a-mlock.o)
 .debug_frame   0x00000f24       0x3c c:/program files (x86)/gnu arm embedded toolchain/10 2021.10/bin/../lib/gcc/arm-none-eabi/10.3.1/../../../../arm-none-eabi/lib/thumb/v7e-m/nofp\libg_nano.a(lib_a-nano-reallocr.o)
 .debug_frame   0x00000f60       0xb0 c:/program files (x86)/gnu arm embedded toolchain/10 2021.10/bin/../lib/gcc/arm-none-eabi/10.3.1/../../../../arm-none-eabi/lib/thumb/v7e-m/nofp\libg_nano.a(lib_a-lock.o)
 .debug_frame   0x00001010       0x20 c:/program files (x86)/gnu arm embedded toolchain/10 2021.10/bin/../lib/gcc/arm-none-eabi/10.3.1/../../../../arm-none-eabi/lib/thumb/v7e-m/nofp\libg_nano.a(lib_a-nano-msizer.o)

.debug_str      0x00000000    0xf7090
 *(.debug_str)
 .debug_str     0x00000000    0xee710 ./system/src/stm32f4-hal/stm32f4xx_hal.o
                              0xeeaa9 (size before relaxing)
 .debug_str     0x000ee710      0x3a8 ./system/src/stm32f4-hal/stm32f4xx_hal_cortex.o
                              0xee7d3 (size before relaxing)
 .debug_str     0x000eeab8      0x27d ./system/src/stm32f4-hal/stm32f4xx_hal_gpio.o
                              0xee13a (size before relaxing)
 .debug_str     0x000eed35      0x3b0 ./system/src/stm32f4-hal/stm32f4xx_hal_rcc.o
                              0xee34c (size before relaxing)
 .debug_str     0x000ef0e5     0x4d03 ./system/src/newlib/exit.o
                               0x7af4 (size before relaxing)
 .debug_str     0x000f3de8      0x4f4 ./system/src/newlib/sbrk.o
                               0x6eb5 (size before relaxing)
 .debug_str     0x000f42dc      0x2c5 ./system/src/newlib/startup.o
                               0x645b (size before relaxing)
 .debug_str     0x000f45a1     0x1377 ./system/src/newlib/syscalls.o
                               0x827b (size before relaxing)
 .debug_str     0x000f5918      0x631 ./system/src/diag/trace-impl.o
                              0xf16c0 (size before relaxing)
 .debug_str     0x000f5f49      0x81a ./system/src/diag/trace.o
                               0x8271 (size before relaxing)
 .debug_str     0x000f6763      0x4b5 ./system/src/cortexm/exception-handlers.o
                              0xf283e (size before relaxing)
 .debug_str     0x000f6c18       0x5d ./system/src/cortexm/initialize-hardware.o
                              0xede48 (size before relaxing)
 .debug_str     0x000f6c75       0x46 ./system/src/cmsis/system_stm32f4xx.o
                              0xedf36 (size before relaxing)
 .debug_str     0x000f6cbb       0x59 ./system/src/cmsis/vectors_stm32f407xx.o
                               0x3966 (size before relaxing)
 .debug_str     0x000f6d14       0x30 ./src/initialize-hardware.o
                              0xf1645 (size before relaxing)
 .debug_str     0x000f6d44      0x1ef ./src/led.o
                              0xee5dd (size before relaxing)
 .debug_str     0x000f6f33       0xe7 ./src/main.o
                              0xf2e2d (size before relaxing)
 .debug_str     0x000f701a       0x3d ./src/stm32f4xx_hal_msp.o
                              0xedd88 (size before relaxing)
 .debug_str     0x000f7057       0x39 ./src/timer.o
                              0xee44d (size before relaxing)

.debug_loc      0x00000000     0x252e
 *(.debug_loc)
 .debug_loc     0x00000000      0x130 ./system/src/stm32f4-hal/stm32f4xx_hal.o
 .debug_loc     0x00000130      0x92e ./system/src/stm32f4-hal/stm32f4xx_hal_cortex.o
 .debug_loc     0x00000a5e      0x66d ./system/src/stm32f4-hal/stm32f4xx_hal_gpio.o
 .debug_loc     0x000010cb      0x56f ./system/src/stm32f4-hal/stm32f4xx_hal_rcc.o
 .debug_loc     0x0000163a       0x15 ./system/src/newlib/exit.o
 .debug_loc     0x0000164f       0x97 ./system/src/newlib/sbrk.o
 .debug_loc     0x000016e6      0x49b ./system/src/newlib/startup.o
 .debug_loc     0x00001b81       0x6f ./system/src/newlib/syscalls.o
 .debug_loc     0x00001bf0      0x1a3 ./system/src/diag/trace-impl.o
 .debug_loc     0x00001d93      0x118 ./system/src/diag/trace.o
 .debug_loc     0x00001eab      0x35c ./system/src/cortexm/exception-handlers.o
 .debug_loc     0x00002207      0x158 ./system/src/cmsis/system_stm32f4xx.o
 .debug_loc     0x0000235f       0x64 ./src/initialize-hardware.o
 .debug_loc     0x000023c3       0x7c ./src/led.o
 .debug_loc     0x0000243f       0x8c ./src/main.o
 .debug_loc     0x000024cb       0x63 ./src/timer.o

.debug_macinfo
 *(.debug_macinfo)

.debug_weaknames
 *(.debug_weaknames)

.debug_funcnames
 *(.debug_funcnames)

.debug_typenames
 *(.debug_typenames)

.debug_varnames
 *(.debug_varnames)
OUTPUT(Blinky.elf elf32-littlearm)
LOAD linker stubs

.debug_ranges   0x00000000      0x590
 .debug_ranges  0x00000000       0xe0 ./system/src/stm32f4-hal/stm32f4xx_hal.o
 .debug_ranges  0x000000e0      0x128 ./system/src/stm32f4-hal/stm32f4xx_hal_cortex.o
 .debug_ranges  0x00000208       0x48 ./system/src/stm32f4-hal/stm32f4xx_hal_gpio.o
 .debug_ranges  0x00000250       0x90 ./system/src/stm32f4-hal/stm32f4xx_hal_rcc.o
 .debug_ranges  0x000002e0       0x18 ./system/src/newlib/exit.o
 .debug_ranges  0x000002f8       0x10 ./system/src/newlib/sbrk.o
 .debug_ranges  0x00000308       0x78 ./system/src/newlib/startup.o
 .debug_ranges  0x00000380       0x20 ./system/src/newlib/syscalls.o
 .debug_ranges  0x000003a0       0x38 ./system/src/diag/trace-impl.o
 .debug_ranges  0x000003d8       0x28 ./system/src/diag/trace.o
 .debug_ranges  0x00000400       0x98 ./system/src/cortexm/exception-handlers.o
 .debug_ranges  0x00000498       0x18 ./system/src/cortexm/initialize-hardware.o
 .debug_ranges  0x000004b0       0x18 ./system/src/cmsis/system_stm32f4xx.o
 .debug_ranges  0x000004c8       0x10 ./system/src/cmsis/vectors_stm32f407xx.o
 .debug_ranges  0x000004d8       0x20 ./src/initialize-hardware.o
 .debug_ranges  0x000004f8       0x28 ./src/led.o
 .debug_ranges  0x00000520       0x20 ./src/main.o
 .debug_ranges  0x00000540       0x28 ./src/stm32f4xx_hal_msp.o
 .debug_ranges  0x00000568       0x28 ./src/timer.o

.debug_macro    0x00000000    0x290ac
 .debug_macro   0x00000000      0x40d ./system/src/stm32f4-hal/stm32f4xx_hal.o
 .debug_macro   0x0000040d      0xa7e ./system/src/stm32f4-hal/stm32f4xx_hal.o
 .debug_macro   0x00000e8b      0x3a2 ./system/src/stm32f4-hal/stm32f4xx_hal.o
 .debug_macro   0x0000122d       0x2e ./system/src/stm32f4-hal/stm32f4xx_hal.o
 .debug_macro   0x0000125b       0x2f ./system/src/stm32f4-hal/stm32f4xx_hal.o
 .debug_macro   0x0000128a      0x34e ./system/src/stm32f4-hal/stm32f4xx_hal.o
 .debug_macro   0x000015d8       0x1c ./system/src/stm32f4-hal/stm32f4xx_hal.o
 .debug_macro   0x000015f4       0x22 ./system/src/stm32f4-hal/stm32f4xx_hal.o
 .debug_macro   0x00001616       0xd9 ./system/src/stm32f4-hal/stm32f4xx_hal.o
 .debug_macro   0x000016ef     0x102d ./system/src/stm32f4-hal/stm32f4xx_hal.o
 .debug_macro   0x0000271c      0x11f ./system/src/stm32f4-hal/stm32f4xx_hal.o
 .debug_macro   0x0000283b    0x15e3c ./system/src/stm32f4-hal/stm32f4xx_hal.o
 .debug_macro   0x00018677       0x43 ./system/src/stm32f4-hal/stm32f4xx_hal.o
 .debug_macro   0x000186ba     0x3659 ./system/src/stm32f4-hal/stm32f4xx_hal.o
 .debug_macro   0x0001bd13      0x174 ./system/src/stm32f4-hal/stm32f4xx_hal.o
 .debug_macro   0x0001be87       0x5a ./system/src/stm32f4-hal/stm32f4xx_hal.o
 .debug_macro   0x0001bee1      0x96b ./system/src/stm32f4-hal/stm32f4xx_hal.o
 .debug_macro   0x0001c84c      0x9fe ./system/src/stm32f4-hal/stm32f4xx_hal.o
 .debug_macro   0x0001d24a      0x117 ./system/src/stm32f4-hal/stm32f4xx_hal.o
 .debug_macro   0x0001d361      0x13e ./system/src/stm32f4-hal/stm32f4xx_hal.o
 .debug_macro   0x0001d49f       0x27 ./system/src/stm32f4-hal/stm32f4xx_hal.o
 .debug_macro   0x0001d4c6      0x174 ./system/src/stm32f4-hal/stm32f4xx_hal.o
 .debug_macro   0x0001d63a      0x287 ./system/src/stm32f4-hal/stm32f4xx_hal.o
 .debug_macro   0x0001d8c1       0x5f ./system/src/stm32f4-hal/stm32f4xx_hal.o
 .debug_macro   0x0001d920      0x236 ./system/src/stm32f4-hal/stm32f4xx_hal.o
 .debug_macro   0x0001db56      0x391 ./system/src/stm32f4-hal/stm32f4xx_hal.o
 .debug_macro   0x0001dee7      0x176 ./system/src/stm32f4-hal/stm32f4xx_hal.o
 .debug_macro   0x0001e05d       0xf9 ./system/src/stm32f4-hal/stm32f4xx_hal.o
 .debug_macro   0x0001e156      0x40f ./system/src/stm32f4-hal/stm32f4xx_hal.o
 .debug_macro   0x0001e565       0x22 ./system/src/stm32f4-hal/stm32f4xx_hal.o
 .debug_macro   0x0001e587       0xea ./system/src/stm32f4-hal/stm32f4xx_hal.o
 .debug_macro   0x0001e671       0xa0 ./system/src/stm32f4-hal/stm32f4xx_hal.o
 .debug_macro   0x0001e711       0x3c ./system/src/stm32f4-hal/stm32f4xx_hal.o
 .debug_macro   0x0001e74d       0x1f ./system/src/stm32f4-hal/stm32f4xx_hal.o
 .debug_macro   0x0001e76c      0x1d2 ./system/src/stm32f4-hal/stm32f4xx_hal.o
 .debug_macro   0x0001e93e      0xccf ./system/src/stm32f4-hal/stm32f4xx_hal.o
 .debug_macro   0x0001f60d      0x12c ./system/src/stm32f4-hal/stm32f4xx_hal.o
 .debug_macro   0x0001f739      0x21e ./system/src/stm32f4-hal/stm32f4xx_hal.o
 .debug_macro   0x0001f957       0x2e ./system/src/stm32f4-hal/stm32f4xx_hal.o
 .debug_macro   0x0001f985      0x543 ./system/src/stm32f4-hal/stm32f4xx_hal.o
 .debug_macro   0x0001fec8       0x88 ./system/src/stm32f4-hal/stm32f4xx_hal.o
 .debug_macro   0x0001ff50       0xea ./system/src/stm32f4-hal/stm32f4xx_hal.o
 .debug_macro   0x0002003a      0x184 ./system/src/stm32f4-hal/stm32f4xx_hal.o
 .debug_macro   0x000201be      0x1b5 ./system/src/stm32f4-hal/stm32f4xx_hal.o
 .debug_macro   0x00020373       0xd6 ./system/src/stm32f4-hal/stm32f4xx_hal.o
 .debug_macro   0x00020449      0x26b ./system/src/stm32f4-hal/stm32f4xx_hal.o
 .debug_macro   0x000206b4      0x1a7 ./system/src/stm32f4-hal/stm32f4xx_hal.o
 .debug_macro   0x0002085b       0x46 ./system/src/stm32f4-hal/stm32f4xx_hal.o
 .debug_macro   0x000208a1       0x4a ./system/src/stm32f4-hal/stm32f4xx_hal.o
 .debug_macro   0x000208eb       0x78 ./system/src/stm32f4-hal/stm32f4xx_hal.o
 .debug_macro   0x00020963      0x11a ./system/src/stm32f4-hal/stm32f4xx_hal.o
 .debug_macro   0x00020a7d       0x7e ./system/src/stm32f4-hal/stm32f4xx_hal.o
 .debug_macro   0x00020afb       0x89 ./system/src/stm32f4-hal/stm32f4xx_hal.o
 .debug_macro   0x00020b84       0xa4 ./system/src/stm32f4-hal/stm32f4xx_hal.o
 .debug_macro   0x00020c28      0x31a ./system/src/stm32f4-hal/stm32f4xx_hal.o
 .debug_macro   0x00020f42      0x405 ./system/src/stm32f4-hal/stm32f4xx_hal.o
 .debug_macro   0x00021347       0xe4 ./system/src/stm32f4-hal/stm32f4xx_hal.o
 .debug_macro   0x0002142b      0x861 ./system/src/stm32f4-hal/stm32f4xx_hal.o
 .debug_macro   0x00021c8c      0x1d5 ./system/src/stm32f4-hal/stm32f4xx_hal.o
 .debug_macro   0x00021e61      0x225 ./system/src/stm32f4-hal/stm32f4xx_hal.o
 .debug_macro   0x00022086      0x8a0 ./system/src/stm32f4-hal/stm32f4xx_hal.o
 .debug_macro   0x00022926       0x47 ./system/src/stm32f4-hal/stm32f4xx_hal.o
 .debug_macro   0x0002296d      0x287 ./system/src/stm32f4-hal/stm32f4xx_hal.o
 .debug_macro   0x00022bf4      0x217 ./system/src/stm32f4-hal/stm32f4xx_hal.o
 .debug_macro   0x00022e0b      0x1b5 ./system/src/stm32f4-hal/stm32f4xx_hal.o
 .debug_macro   0x00022fc0      0x2db ./system/src/stm32f4-hal/stm32f4xx_hal.o
 .debug_macro   0x0002329b       0x8d ./system/src/stm32f4-hal/stm32f4xx_hal.o
 .debug_macro   0x00023328      0x21e ./system/src/stm32f4-hal/stm32f4xx_hal.o
 .debug_macro   0x00023546       0xba ./system/src/stm32f4-hal/stm32f4xx_hal.o
 .debug_macro   0x00023600       0x6e ./system/src/stm32f4-hal/stm32f4xx_hal.o
 .debug_macro   0x0002366e      0x1e9 ./system/src/stm32f4-hal/stm32f4xx_hal.o
 .debug_macro   0x00023857      0x12d ./system/src/stm32f4-hal/stm32f4xx_hal.o
 .debug_macro   0x00023984      0x3ad ./system/src/stm32f4-hal/stm32f4xx_hal_cortex.o
 .debug_macro   0x00023d31      0x3e3 ./system/src/stm32f4-hal/stm32f4xx_hal_gpio.o
 .debug_macro   0x00024114      0x3d1 ./system/src/stm32f4-hal/stm32f4xx_hal_rcc.o
 .debug_macro   0x000244e5      0x1ae ./system/src/newlib/exit.o
 .debug_macro   0x00024693      0x163 ./system/src/newlib/sbrk.o
 .debug_macro   0x000247f6       0x10 ./system/src/newlib/sbrk.o
 .debug_macro   0x00024806      0x23b ./system/src/newlib/sbrk.o
 .debug_macro   0x00024a41      0x155 ./system/src/newlib/startup.o
 .debug_macro   0x00024b96      0xab4 ./system/src/newlib/startup.o
 .debug_macro   0x0002564a      0x1ed ./system/src/newlib/syscalls.o
 .debug_macro   0x00025837       0x1c ./system/src/newlib/syscalls.o
 .debug_macro   0x00025853       0x10 ./system/src/newlib/syscalls.o
 .debug_macro   0x00025863       0x10 ./system/src/newlib/syscalls.o
 .debug_macro   0x00025873       0x10 ./system/src/newlib/syscalls.o
 .debug_macro   0x00025883       0x35 ./system/src/newlib/syscalls.o
 .debug_macro   0x000258b8      0x12c ./system/src/newlib/syscalls.o
 .debug_macro   0x000259e4       0xce ./system/src/newlib/syscalls.o
 .debug_macro   0x00025ab2      0x10c ./system/src/newlib/syscalls.o
 .debug_macro   0x00025bbe      0x189 ./system/src/newlib/syscalls.o
 .debug_macro   0x00025d47       0x16 ./system/src/newlib/syscalls.o
 .debug_macro   0x00025d5d      0x50d ./system/src/diag/trace-impl.o
 .debug_macro   0x0002626a       0x22 ./system/src/diag/trace-impl.o
 .debug_macro   0x0002628c       0x5e ./system/src/diag/trace-impl.o
 .debug_macro   0x000262ea       0x18 ./system/src/diag/trace-impl.o
 .debug_macro   0x00026302       0x10 ./system/src/diag/trace-impl.o
 .debug_macro   0x00026312      0x341 ./system/src/diag/trace-impl.o
 .debug_macro   0x00026653       0x52 ./system/src/diag/trace-impl.o
 .debug_macro   0x000266a5       0x22 ./system/src/diag/trace-impl.o
 .debug_macro   0x000266c7      0x1f5 ./system/src/diag/trace.o
 .debug_macro   0x000268bc       0x16 ./system/src/diag/trace.o
 .debug_macro   0x000268d2       0x97 ./system/src/diag/trace.o
 .debug_macro   0x00026969       0xfd ./system/src/diag/trace.o
 .debug_macro   0x00026a66       0x10 ./system/src/diag/trace.o
 .debug_macro   0x00026a76       0x16 ./system/src/diag/trace.o
 .debug_macro   0x00026a8c      0x16f ./system/src/diag/trace.o
 .debug_macro   0x00026bfb       0x4c ./system/src/diag/trace.o
 .debug_macro   0x00026c47       0x16 ./system/src/diag/trace.o
 .debug_macro   0x00026c5d      0x56b ./system/src/cortexm/exception-handlers.o
 .debug_macro   0x000271c8       0x58 ./system/src/cortexm/exception-handlers.o
 .debug_macro   0x00027220       0x10 ./system/src/cortexm/exception-handlers.o
 .debug_macro   0x00027230      0x3b7 ./system/src/cortexm/initialize-hardware.o
 .debug_macro   0x000275e7      0x3b3 ./system/src/cmsis/system_stm32f4xx.o
 .debug_macro   0x0002799a       0x2a ./system/src/cmsis/vectors_stm32f407xx.o
 .debug_macro   0x000279c4      0x4f2 ./src/initialize-hardware.o
 .debug_macro   0x00027eb6      0x3bc ./src/led.o
 .debug_macro   0x00028272       0x4c ./src/led.o
 .debug_macro   0x000282be      0x5bb ./src/main.o
 .debug_macro   0x00028879       0x54 ./src/main.o
 .debug_macro   0x000288cd       0x52 ./src/main.o
 .debug_macro   0x0002891f      0x3ad ./src/stm32f4xx_hal_msp.o
 .debug_macro   0x00028ccc      0x3d0 ./src/timer.o
 .debug_macro   0x0002909c       0x10 ./src/timer.o
